<?xml version="1.0" encoding="UTF-8"?>
<testsuites name="jest tests" tests="2" failures="0" errors="0" time="0.431">
  <testsuite name="undefined" errors="0" failures="0" skipped="0" timestamp="2026-04-26T11:47:57" time="0.352" tests="2">
    <testcase classname=" todo has a title" name=" todo has a title" time="0.002">
    </testcase>
    <testcase classname=" marks todo complete" name=" marks todo complete" time="0">
    </testcase>
  </testsuite>
</testsuites>